{"tool":"pest","result":"failed","tests":33,"passed":29,"assertions":76,"duration_ms":2696,"failed":4,"failures":[{"test":"P\\Tests\\Feature\\Auth\\AuthenticationTest::__pest_evaluable_users_can_authenticate_using_the_login_screen","file":"DELETE\\VS-CODE\\Laravel\\byod-classroom\\vendor\\laravel\\framework\\src\\Illuminate\\Testing\\TestResponseAssert.php","line":45,"message":"Failed asserting that two strings are equal.\n--- Expected\n+++ Actual\n@@ @@\n-'http://localhost:8000/dashboard'\n+'http://localhost:8000'"},{"test":"P\\Tests\\Feature\\DashboardTest::__pest_evaluable_guests_are_redirected_to_the_login_page","file":"DELETE\\VS-CODE\\Laravel\\byod-classroom\\vendor\\laravel\\framework\\src\\Illuminate\\Testing\\TestResponseAssert.php","line":45,"message":"Failed asserting that two strings are equal.\n--- Expected\n+++ Actual\n@@ @@\n-'http://localhost:8000/login'\n+'http://localhost:8000'"},{"test":"P\\Tests\\Feature\\DashboardTest::__pest_evaluable_authenticated_users_can_visit_the_dashboard","file":"DELETE\\VS-CODE\\Laravel\\byod-classroom\\vendor\\laravel\\framework\\src\\Illuminate\\Testing\\TestResponseAssert.php","line":45,"message":"Expected response status code [200] but received 302.\nFailed asserting that 302 is identical to 200."},{"test":"P\\Tests\\Feature\\ExampleTest::__pest_evaluable_returns_a_successful_response","file":"DELETE\\VS-CODE\\Laravel\\byod-classroom\\vendor\\laravel\\framework\\src\\Illuminate\\Testing\\TestResponseAssert.php","line":45,"message":"Expected response status code [200] but received 302.\nFailed asserting that 302 is identical to 200."}]}
